{
                    "app": "Crmeb",
                    "timestamp":"2025-09-27 19:18:00.660",
                    "level": "DEBUG",
                    "thread": "main",
                    "class": "o.s.b.c.l.ClasspathLoggingApplicationListener",
                    "message": "Application started with classpath: [file:/E:/2zynt/StoreProject2kai/CRMEB-JAVA-ET-V1.2(2025.4.25)/et_java/crmeb-front/target/classes/, file:/C:/Users/admin/.m2/repository/com/zbkj/crmeb-service/0.0.1-SNAPSHOT/crmeb-service-0.0.1-SNAPSHOT.jar, file:/C:/Users/admin/.m2/repository/com/zbkj/crmeb-common/0.0.1-SNAPSHOT/crmeb-common-0.0.1-SNAPSHOT.jar, file:/C:/Users/admin/.m2/repository/javax/servlet/javax.servlet-api/4.0.1/javax.servlet-api-4.0.1.jar, file:/C:/Users/admin/.m2/repository/javax/servlet/jstl/1.2/jstl-1.2.jar, file:/C:/Users/admin/.m2/repository/org/apache/tomcat/embed/tomcat-embed-jasper/9.0.33/tomcat-embed-jasper-9.0.33.jar, file:/C:/Users/admin/.m2/repository/org/apache/tomcat/embed/tomcat-embed-core/9.0.33/tomcat-embed-core-9.0.33.jar, file:/C:/Users/admin/.m2/repository/org/apache/tomcat/tomcat-annotations-api/9.0.33/tomcat-annotations-api-9.0.33.jar, file:/C:/Users/admin/.m2/repository/org/apache/tomcat/embed/tomcat-embed-el/9.0.33/tomcat-embed-el-9.0.33.jar, file:/C:/Users/admin/.m2/repository/org/eclipse/jdt/ecj/3.18.0/ecj-3.18.0.jar, file:/C:/Users/admin/.m2/repository/org/apache/tomcat/tomcat-jsp-api/9.0.33/tomcat-jsp-api-9.0.33.jar, file:/C:/Users/admin/.m2/repository/org/apache/tomcat/tomcat-el-api/9.0.33/tomcat-el-api-9.0.33.jar, file:/C:/Users/admin/.m2/repository/org/apache/tomcat/tomcat-servlet-api/9.0.33/tomcat-servlet-api-9.0.33.jar, file:/C:/Users/admin/.m2/repository/com/alibaba/fastjson/2.0.38/fastjson-2.0.38.jar, file:/C:/Users/admin/.m2/repository/com/alibaba/fastjson2/fastjson2-extension/2.0.38/fastjson2-extension-2.0.38.jar, file:/C:/Users/admin/.m2/repository/com/alibaba/fastjson2/fastjson2/2.0.38/fastjson2-2.0.38.jar, file:/C:/Users/admin/.m2/repository/com/alibaba/druid/1.1.20/druid-1.1.20.jar, file:/C:/Users/admin/.m2/repository/com/mysql/mysql-connector-j/8.0.33/mysql-connector-j-8.0.33.jar, file:/C:/Users/admin/.m2/repository/com/google/protobuf/protobuf-java/3.21.9/protobuf-java-3.21.9.jar, file:/C:/Users/admin/.m2/repository/org/projectlombok/lombok/1.18.12/lombok-1.18.12.jar, file:/C:/Users/admin/.m2/repository/com/baomidou/mybatis-plus-boot-starter/3.3.1/mybatis-plus-boot-starter-3.3.1.jar, file:/C:/Users/admin/.m2/repository/org/springframework/boot/spring-boot-starter-jdbc/2.2.6.RELEASE/spring-boot-starter-jdbc-2.2.6.RELEASE.jar, file:/C:/Users/admin/.m2/repository/com/zaxxer/HikariCP/3.4.2/HikariCP-3.4.2.jar, file:/C:/Users/admin/.m2/repository/org/springframework/spring-jdbc/5.2.5.RELEASE/spring-jdbc-5.2.5.RELEASE.jar, file:/C:/Users/admin/.m2/repository/org/springframework/boot/spring-boot-test/2.2.6.RELEASE/spring-boot-test-2.2.6.RELEASE.jar, file:/C:/Users/admin/.m2/repository/org/springframework/boot/spring-boot/2.2.6.RELEASE/spring-boot-2.2.6.RELEASE.jar, file:/C:/Users/admin/.m2/repository/org/springframework/spring-context/5.2.5.RELEASE/spring-context-5.2.5.RELEASE.jar, file:/C:/Users/admin/.m2/repository/org/springframework/spring-test/5.2.5.RELEASE/spring-test-5.2.5.RELEASE.jar, file:/C:/Users/admin/.m2/repository/org/springframework/spring-core/5.2.5.RELEASE/spring-core-5.2.5.RELEASE.jar, file:/C:/Users/admin/.m2/repository/org/springframework/spring-jcl/5.2.5.RELEASE/spring-jcl-5.2.5.RELEASE.jar, file:/C:/Users/admin/.m2/repository/com/baomidou/mybatis-plus/3.3.1/mybatis-plus-3.3.1.jar, file:/C:/Users/admin/.m2/repository/com/baomidou/mybatis-plus-extension/3.3.1/mybatis-plus-extension-3.3.1.jar, file:/C:/Users/admin/.m2/repository/com/baomidou/mybatis-plus-core/3.3.1/mybatis-plus-core-3.3.1.jar, file:/C:/Users/admin/.m2/repository/com/baomidou/mybatis-plus-annotation/3.3.1/mybatis-plus-annotation-3.3.1.jar, file:/C:/Users/admin/.m2/repository/org/mybatis/mybatis/3.5.3/mybatis-3.5.3.jar, file:/C:/Users/admin/.m2/repository/org/mybatis/mybatis-spring/2.0.3/mybatis-spring-2.0.3.jar, file:/C:/Users/admin/.m2/repository/com/baomidou/mybatis-plus-generator/3.3.1/mybatis-plus-generator-3.3.1.jar, file:/C:/Users/admin/.m2/repository/io/swagger/swagger-annotations/1.5.21/swagger-annotations-1.5.21.jar, file:/C:/Users/admin/.m2/repository/io/springfox/springfox-swagger2/2.9.2/springfox-swagger2-2.9.2.jar, file:/C:/Users/admin/.m2/repository/io/springfox/springfox-spi/2.9.2/springfox-spi-2.9.2.jar, file:/C:/Users/admin/.m2/repository/io/springfox/springfox-core/2.9.2/springfox-core-2.9.2.jar, file:/C:/Users/admin/.m2/repository/net/bytebuddy/byte-buddy/1.10.8/byte-buddy-1.10.8.jar, file:/C:/Users/admin/.m2/repository/io/springfox/springfox-schema/2.9.2/springfox-schema-2.9.2.jar, file:/C:/Users/admin/.m2/repository/io/springfox/springfox-swagger-common/2.9.2/springfox-swagger-common-2.9.2.jar, file:/C:/Users/admin/.m2/repository/io/springfox/springfox-spring-web/2.9.2/springfox-spring-web-2.9.2.jar, file:/C:/Users/admin/.m2/repository/com/fasterxml/classmate/1.5.1/classmate-1.5.1.jar, file:/C:/Users/admin/.m2/repository/org/slf4j/slf4j-api/1.7.30/slf4j-api-1.7.30.jar, file:/C:/Users/admin/.m2/repository/org/springframework/plugin/spring-plugin-core/1.2.0.RELEASE/spring-plugin-core-1.2.0.RELEASE.jar, file:/C:/Users/admin/.m2/repository/org/springframework/plugin/spring-plugin-metadata/1.2.0.RELEASE/spring-plugin-metadata-1.2.0.RELEASE.jar, file:/C:/Users/admin/.m2/repository/org/mapstruct/mapstruct/1.2.0.Final/mapstruct-1.2.0.Final.jar, file:/C:/Users/admin/.m2/repository/io/swagger/swagger-models/1.5.22/swagger-models-1.5.22.jar, file:/C:/Users/admin/.m2/repository/com/fasterxml/jackson/core/jackson-annotations/2.10.3/jackson-annotations-2.10.3.jar, file:/C:/Users/admin/.m2/repository/com/github/xiaoymin/swagger-bootstrap-ui/1.9.3/swagger-bootstrap-ui-1.9.3.jar, file:/C:/Users/admin/.m2/repository/org/springframework/boot/spring-boot-autoconfigure/2.2.6.RELEASE/spring-boot-autoconfigure-2.2.6.RELEASE.jar, file:/C:/Users/admin/.m2/repository/ch/qos/logback/logback-classic/1.2.3/logback-classic-1.2.3.jar, file:/C:/Users/admin/.m2/repository/ch/qos/logback/logback-core/1.2.3/logback-core-1.2.3.jar, file:/C:/Users/admin/.m2/repository/net/logstash/logback/logstash-logback-encoder/5.3/logstash-logback-encoder-5.3.jar, file:/C:/Users/admin/.m2/repository/com/fasterxml/jackson/core/jackson-databind/2.10.3/jackson-databind-2.10.3.jar, file:/C:/Users/admin/.m2/repository/org/springframework/boot/spring-boot-starter-web/2.2.6.RELEASE/spring-boot-starter-web-2.2.6.RELEASE.jar, file:/C:/Users/admin/.m2/repository/org/springframework/boot/spring-boot-starter/2.2.6.RELEASE/spring-boot-starter-2.2.6.RELEASE.jar, file:/C:/Users/admin/.m2/repository/org/springframework/boot/spring-boot-starter-logging/2.2.6.RELEASE/spring-boot-starter-logging-2.2.6.RELEASE.jar, file:/C:/Users/admin/.m2/repository/org/apache/logging/log4j/log4j-to-slf4j/2.12.1/log4j-to-slf4j-2.12.1.jar, file:/C:/Users/admin/.m2/repository/org/apache/logging/log4j/log4j-api/2.12.1/log4j-api-2.12.1.jar, file:/C:/Users/admin/.m2/repository/org/slf4j/jul-to-slf4j/1.7.30/jul-to-slf4j-1.7.30.jar, file:/C:/Users/admin/.m2/repository/jakarta/annotation/jakarta.annotation-api/1.3.5/jakarta.annotation-api-1.3.5.jar, file:/C:/Users/admin/.m2/repository/org/yaml/snakeyaml/1.25/snakeyaml-1.25.jar, file:/C:/Users/admin/.m2/repository/org/springframework/boot/spring-boot-starter-json/2.2.6.RELEASE/spring-boot-starter-json-2.2.6.RELEASE.jar, file:/C:/Users/admin/.m2/repository/com/fasterxml/jackson/datatype/jackson-datatype-jdk8/2.10.3/jackson-datatype-jdk8-2.10.3.jar, file:/C:/Users/admin/.m2/repository/com/fasterxml/jackson/datatype/jackson-datatype-jsr310/2.10.3/jackson-datatype-jsr310-2.10.3.jar, file:/C:/Users/admin/.m2/repository/com/fasterxml/jackson/module/jackson-module-parameter-names/2.10.3/jackson-module-parameter-names-2.10.3.jar, file:/C:/Users/admin/.m2/repository/org/springframework/boot/spring-boot-starter-tomcat/2.2.6.RELEASE/spring-boot-starter-tomcat-2.2.6.RELEASE.jar, file:/C:/Users/admin/.m2/repository/org/apache/tomcat/embed/tomcat-embed-websocket/9.0.33/tomcat-embed-websocket-9.0.33.jar, file:/C:/Users/admin/.m2/repository/org/springframework/boot/spring-boot-starter-validation/2.2.6.RELEASE/spring-boot-starter-validation-2.2.6.RELEASE.jar, file:/C:/Users/admin/.m2/repository/jakarta/validation/jakarta.validation-api/2.0.2/jakarta.validation-api-2.0.2.jar, file:/C:/Users/admin/.m2/repository/org/hibernate/validator/hibernate-validator/6.0.18.Final/hibernate-validator-6.0.18.Final.jar, file:/C:/Users/admin/.m2/repository/org/jboss/logging/jboss-logging/3.4.1.Final/jboss-logging-3.4.1.Final.jar, file:/C:/Users/admin/.m2/repository/org/springframework/spring-web/5.2.5.RELEASE/spring-web-5.2.5.RELEASE.jar, file:/C:/Users/admin/.m2/repository/org/springframework/spring-webmvc/5.2.5.RELEASE/spring-webmvc-5.2.5.RELEASE.jar, file:/C:/Users/admin/.m2/repository/org/springframework/spring-expression/5.2.5.RELEASE/spring-expression-5.2.5.RELEASE.jar, file:/C:/Users/admin/.m2/repository/org/springframework/boot/spring-boot-starter-data-redis/2.2.0.RELEASE/spring-boot-starter-data-redis-2.2.0.RELEASE.jar, file:/C:/Users/admin/.m2/repository/org/springframework/data/spring-data-redis/2.2.6.RELEASE/spring-data-redis-2.2.6.RELEASE.jar, file:/C:/Users/admin/.m2/repository/org/springframework/data/spring-data-keyvalue/2.2.6.RELEASE/spring-data-keyvalue-2.2.6.RELEASE.jar, file:/C:/Users/admin/.m2/repository/org/springframework/spring-tx/5.2.5.RELEASE/spring-tx-5.2.5.RELEASE.jar, file:/C:/Users/admin/.m2/repository/org/springframework/spring-oxm/5.2.5.RELEASE/spring-oxm-5.2.5.RELEASE.jar, file:/C:/Users/admin/.m2/repository/io/lettuce/lettuce-core/5.2.2.RELEASE/lettuce-core-5.2.2.RELEASE.jar, file:/C:/Users/admin/.m2/repository/io/netty/netty-common/4.1.48.Final/netty-common-4.1.48.Final.jar, file:/C:/Users/admin/.m2/repository/io/netty/netty-handler/4.1.48.Final/netty-handler-4.1.48.Final.jar, file:/C:/Users/admin/.m2/repository/io/netty/netty-resolver/4.1.48.Final/netty-resolver-4.1.48.Final.jar, file:/C:/Users/admin/.m2/repository/io/netty/netty-buffer/4.1.48.Final/netty-buffer-4.1.48.Final.jar, file:/C:/Users/admin/.m2/repository/io/netty/netty-codec/4.1.48.Final/netty-codec-4.1.48.Final.jar, file:/C:/Users/admin/.m2/repository/io/netty/netty-transport/4.1.48.Final/netty-transport-4.1.48.Final.jar, file:/C:/Users/admin/.m2/repository/io/projectreactor/reactor-core/3.3.4.RELEASE/reactor-core-3.3.4.RELEASE.jar, file:/C:/Users/admin/.m2/repository/org/reactivestreams/reactive-streams/1.0.3/reactive-streams-1.0.3.jar, file:/C:/Users/admin/.m2/repository/redis/clients/jedis/3.1.0/jedis-3.1.0.jar, file:/C:/Users/admin/.m2/repository/org/apache/commons/commons-pool2/2.7.0/commons-pool2-2.7.0.jar, file:/C:/Users/admin/.m2/repository/com/github/pagehelper/pagehelper-spring-boot-starter/1.2.5/pagehelper-spring-boot-starter-1.2.5.jar, file:/C:/Users/admin/.m2/repository/org/mybatis/spring/boot/mybatis-spring-boot-starter/1.3.2/mybatis-spring-boot-starter-1.3.2.jar, file:/C:/Users/admin/.m2/repository/org/mybatis/spring/boot/mybatis-spring-boot-autoconfigure/1.3.2/mybatis-spring-boot-autoconfigure-1.3.2.jar, file:/C:/Users/admin/.m2/repository/com/github/pagehelper/pagehelper-spring-boot-autoconfigure/1.2.5/pagehelper-spring-boot-autoconfigure-1.2.5.jar, file:/C:/Users/admin/.m2/repository/com/github/pagehelper/pagehelper/5.1.4/pagehelper-5.1.4.jar, file:/C:/Users/admin/.m2/repository/com/github/jsqlparser/jsqlparser/1.0/jsqlparser-1.0.jar, file:/C:/Users/admin/.m2/repository/javax/validation/validation-api/1.1.0.Final/validation-api-1.1.0.Final.jar, file:/C:/Users/admin/.m2/repository/org/springframework/data/spring-data-commons/2.2.6.RELEASE/spring-data-commons-2.2.6.RELEASE.jar, file:/C:/Users/admin/.m2/repository/org/springframework/spring-beans/5.2.5.RELEASE/spring-beans-5.2.5.RELEASE.jar, file:/C:/Users/admin/.m2/repository/cn/hutool/hutool-all/4.5.7/hutool-all-4.5.7.jar, file:/C:/Users/admin/.m2/repository/org/springframework/boot/spring-boot-starter-actuator/2.2.6.RELEASE/spring-boot-starter-actuator-2.2.6.RELEASE.jar, file:/C:/Users/admin/.m2/repository/org/springframework/boot/spring-boot-actuator-autoconfigure/2.2.6.RELEASE/spring-boot-actuator-autoconfigure-2.2.6.RELEASE.jar, file:/C:/Users/admin/.m2/repository/org/springframework/boot/spring-boot-actuator/2.2.6.RELEASE/spring-boot-actuator-2.2.6.RELEASE.jar, file:/C:/Users/admin/.m2/repository/io/micrometer/micrometer-core/1.3.6/micrometer-core-1.3.6.jar, file:/C:/Users/admin/.m2/repository/org/hdrhistogram/HdrHistogram/2.1.11/HdrHistogram-2.1.11.jar, file:/C:/Users/admin/.m2/repository/org/latencyutils/LatencyUtils/2.0.3/LatencyUtils-2.0.3.jar, file:/C:/Users/admin/.m2/repository/org/apache/httpcomponents/httpclient/4.5.6/httpclient-4.5.6.jar, file:/C:/Users/admin/.m2/repository/org/apache/httpcomponents/httpcore/4.4.13/httpcore-4.4.13.jar, file:/C:/Users/admin/.m2/repository/commons-logging/commons-logging/1.2/commons-logging-1.2.jar, file:/C:/Users/admin/.m2/repository/commons-codec/commons-codec/1.13/commons-codec-1.13.jar, file:/C:/Users/admin/.m2/repository/org/springframework/boot/spring-boot-starter-aop/2.2.6.RELEASE/spring-boot-starter-aop-2.2.6.RELEASE.jar, file:/C:/Users/admin/.m2/repository/org/springframework/spring-aop/5.2.5.RELEASE/spring-aop-5.2.5.RELEASE.jar, file:/C:/Users/admin/.m2/repository/org/aspectj/aspectjweaver/1.9.5/aspectjweaver-1.9.5.jar, file:/C:/Users/admin/.m2/repository/org/apache/commons/commons-lang3/3.10/commons-lang3-3.10.jar, file:/C:/Users/admin/.m2/repository/org/apache/poi/poi/3.17/poi-3.17.jar, file:/C:/Users/admin/.m2/repository/org/apache/commons/commons-collections4/4.1/commons-collections4-4.1.jar, file:/C:/Users/admin/.m2/repository/org/apache/poi/poi-ooxml/3.17/poi-ooxml-3.17.jar, file:/C:/Users/admin/.m2/repository/org/apache/poi/poi-ooxml-schemas/3.17/poi-ooxml-schemas-3.17.jar, file:/C:/Users/admin/.m2/repository/org/apache/xmlbeans/xmlbeans/2.6.0/xmlbeans-2.6.0.jar, file:/C:/Users/admin/.m2/repository/com/github/virtuald/curvesapi/1.04/curvesapi-1.04.jar, file:/C:/Users/admin/.m2/repository/commons-fileupload/commons-fileupload/1.3.3/commons-fileupload-1.3.3.jar, file:/C:/Users/admin/.m2/repository/commons-io/commons-io/2.4/commons-io-2.4.jar, file:/C:/Users/admin/.m2/repository/com/aliyun/oss/aliyun-sdk-oss/3.5.0/aliyun-sdk-oss-3.5.0.jar, file:/C:/Users/admin/.m2/repository/org/jdom/jdom/1.1/jdom-1.1.jar, file:/C:/Users/admin/.m2/repository/org/codehaus/jettison/jettison/1.1/jettison-1.1.jar, file:/C:/Users/admin/.m2/repository/stax/stax-api/1.0.1/stax-api-1.0.1.jar, file:/C:/Users/admin/.m2/repository/com/aliyun/aliyun-java-sdk-core/3.4.0/aliyun-java-sdk-core-3.4.0.jar, file:/C:/Users/admin/.m2/repository/com/aliyun/aliyun-java-sdk-ram/3.0.0/aliyun-java-sdk-ram-3.0.0.jar, file:/C:/Users/admin/.m2/repository/com/aliyun/aliyun-java-sdk-sts/3.0.0/aliyun-java-sdk-sts-3.0.0.jar, file:/C:/Users/admin/.m2/repository/com/aliyun/aliyun-java-sdk-ecs/4.2.0/aliyun-java-sdk-ecs-4.2.0.jar, file:/C:/Users/admin/.m2/repository/com/qcloud/cos_api/5.6.22/cos_api-5.6.22.jar, file:/C:/Users/admin/.m2/repository/joda-time/joda-time/2.10.5/joda-time-2.10.5.jar, file:/C:/Users/admin/.m2/repository/org/bouncycastle/bcprov-jdk15on/1.64/bcprov-jdk15on-1.64.jar, file:/C:/Users/admin/.m2/repository/com/qiniu/qiniu-java-sdk/7.2.28/qiniu-java-sdk-7.2.28.jar, file:/C:/Users/admin/.m2/repository/com/squareup/okhttp3/okhttp/3.14.7/okhttp-3.14.7.jar, file:/C:/Users/admin/.m2/repository/com/squareup/okio/okio/1.17.2/okio-1.17.2.jar, file:/C:/Users/admin/.m2/repository/com/google/code/gson/gson/2.8.6/gson-2.8.6.jar, file:/C:/Users/admin/.m2/repository/dom4j/dom4j/1.6.1/dom4j-1.6.1.jar, file:/C:/Users/admin/.m2/repository/xml-apis/xml-apis/1.0.b2/xml-apis-1.0.b2.jar, file:/C:/Users/admin/.m2/repository/com/thoughtworks/xstream/xstream/1.4.10/xstream-1.4.10.jar, file:/C:/Users/admin/.m2/repository/xmlpull/xmlpull/1.1.3.1/xmlpull-1.1.3.1.jar, file:/C:/Users/admin/.m2/repository/xpp3/xpp3_min/1.1.4c/xpp3_min-1.1.4c.jar, file:/C:/Users/admin/.m2/repository/org/apache/httpcomponents/httpmime/4.5.2/httpmime-4.5.2.jar, file:/C:/Users/admin/.m2/repository/io/jsonwebtoken/jjwt/0.9.1/jjwt-0.9.1.jar, file:/C:/Users/admin/.m2/repository/com/auth0/jwks-rsa/0.9.0/jwks-rsa-0.9.0.jar, file:/C:/Users/admin/.m2/repository/org/springframework/boot/spring-boot-starter-security/2.2.6.RELEASE/spring-boot-starter-security-2.2.6.RELEASE.jar, file:/C:/Users/admin/.m2/repository/org/springframework/security/spring-security-config/5.2.2.RELEASE/spring-security-config-5.2.2.RELEASE.jar, file:/C:/Users/admin/.m2/repository/org/springframework/security/spring-security-core/5.2.2.RELEASE/spring-security-core-5.2.2.RELEASE.jar, file:/C:/Users/admin/.m2/repository/org/springframework/security/spring-security-web/5.2.2.RELEASE/spring-security-web-5.2.2.RELEASE.jar, file:/C:/Users/admin/.m2/repository/org/springframework/boot/spring-boot-starter-mail/2.2.6.RELEASE/spring-boot-starter-mail-2.2.6.RELEASE.jar, file:/C:/Users/admin/.m2/repository/org/springframework/spring-context-support/5.2.5.RELEASE/spring-context-support-5.2.5.RELEASE.jar, file:/C:/Users/admin/.m2/repository/com/sun/mail/jakarta.mail/1.6.5/jakarta.mail-1.6.5.jar, file:/C:/Users/admin/.m2/repository/com/sun/activation/jakarta.activation/1.2.2/jakarta.activation-1.2.2.jar, file:/C:/Users/admin/.m2/repository/com/paypal/sdk/checkout-sdk/1.0.4/checkout-sdk-1.0.4.jar, file:/C:/Users/admin/.m2/repository/com/paypal/paypalhttp/1.0.2/paypalhttp-1.0.2.jar, file:/C:/Users/admin/.m2/repository/com/aliyun/dysmsapi20170525/2.0.8/dysmsapi20170525-2.0.8.jar, file:/C:/Users/admin/.m2/repository/com/aliyun/tea-util/0.2.13/tea-util-0.2.13.jar, file:/C:/Users/admin/.m2/repository/com/aliyun/endpoint-util/0.0.6/endpoint-util-0.0.6.jar, file:/C:/Users/admin/.m2/repository/com/aliyun/tea/1.1.14/tea-1.1.14.jar, file:/C:/Users/admin/.m2/repository/org/jacoco/org.jacoco.agent/0.8.4/org.jacoco.agent-0.8.4-runtime.jar, file:/C:/Users/admin/.m2/repository/com/aliyun/tea-openapi/0.1.6/tea-openapi-0.1.6.jar, file:/C:/Users/admin/.m2/repository/com/aliyun/credentials-java/0.2.4/credentials-java-0.2.4.jar, file:/C:/Users/admin/.m2/repository/org/ini4j/ini4j/0.5.4/ini4j-0.5.4.jar, file:/C:/Users/admin/.m2/repository/javax/xml/bind/jaxb-api/2.3.1/jaxb-api-2.3.1.jar, file:/C:/Users/admin/.m2/repository/javax/activation/javax.activation-api/1.2.0/javax.activation-api-1.2.0.jar, file:/C:/Users/admin/.m2/repository/com/sun/xml/bind/jaxb-core/2.3.0/jaxb-core-2.3.0.jar, file:/C:/Users/admin/.m2/repository/com/sun/xml/bind/jaxb-impl/2.3.0/jaxb-impl-2.3.0.jar, file:/C:/Users/admin/.m2/repository/com/aliyun/openapiutil/0.1.13/openapiutil-0.1.13.jar, file:/C:/Users/admin/.m2/repository/com/aliyun/api/gateway/sdk-core-java/1.1.7/sdk-core-java-1.1.7.jar, file:/C:/Users/admin/.m2/repository/com/googlecode/juniversalchardet/juniversalchardet/1.0.3/juniversalchardet-1.0.3.jar, file:/C:/Users/admin/.m2/repository/org/codehaus/plexus/plexus-digest/1.0/plexus-digest-1.0.jar, file:/C:/Users/admin/.m2/repository/org/codehaus/plexus/plexus-container-default/1.0-alpha-8/plexus-container-default-1.0-alpha-8.jar, file:/C:/Users/admin/.m2/repository/org/codehaus/plexus/plexus-utils/1.0.4/plexus-utils-1.0.4.jar, file:/C:/Users/admin/.m2/repository/classworlds/classworlds/1.1-alpha-2/classworlds-1.1-alpha-2.jar, file:/C:/Users/admin/.m2/repository/com/stripe/stripe-java/20.124.0/stripe-java-20.124.0.jar, file:/C:/Users/admin/.m2/repository/com/github/binarywang/weixin-java-pay/4.5.0/weixin-java-pay-4.5.0.jar, file:/C:/Users/admin/.m2/repository/com/github/binarywang/weixin-java-common/4.5.0/weixin-java-common-4.5.0.jar, file:/C:/Users/admin/.m2/repository/org/slf4j/jcl-over-slf4j/1.7.30/jcl-over-slf4j-1.7.30.jar, file:/C:/Users/admin/.m2/repository/org/dom4j/dom4j/2.1.3/dom4j-2.1.3.jar, file:/C:/Users/admin/.m2/repository/com/github/binarywang/qrcode-utils/1.1/qrcode-utils-1.1.jar, file:/C:/Users/admin/.m2/repository/org/bouncycastle/bcpkix-jdk15on/1.68/bcpkix-jdk15on-1.68.jar, file:/C:/Users/admin/.m2/repository/org/jodd/jodd-http/6.2.1/jodd-http-6.2.1.jar, file:/C:/Users/admin/.m2/repository/org/jodd/jodd-util/6.1.0/jodd-util-6.1.0.jar, file:/C:/Users/admin/.m2/repository/com/google/zxing/javase/3.3.3/javase-3.3.3.jar, file:/C:/Users/admin/.m2/repository/com/google/zxing/core/3.3.3/core-3.3.3.jar, file:/C:/Users/admin/.m2/repository/com/beust/jcommander/1.72/jcommander-1.72.jar, file:/C:/Users/admin/.m2/repository/com/github/jai-imageio/jai-imageio-core/1.4.0/jai-imageio-core-1.4.0.jar, file:/C:/Users/admin/.m2/repository/com/google/api-client/google-api-client/1.30.10/google-api-client-1.30.10.jar, file:/C:/Users/admin/.m2/repository/com/google/oauth-client/google-oauth-client/1.31.0/google-oauth-client-1.31.0.jar, file:/C:/Users/admin/.m2/repository/com/google/http-client/google-http-client/1.35.0/google-http-client-1.35.0.jar, file:/C:/Users/admin/.m2/repository/io/opencensus/opencensus-api/0.24.0/opencensus-api-0.24.0.jar, file:/C:/Users/admin/.m2/repository/io/grpc/grpc-context/1.22.1/grpc-context-1.22.1.jar, file:/C:/Users/admin/.m2/repository/io/opencensus/opencensus-contrib-http-util/0.24.0/opencensus-contrib-http-util-0.24.0.jar, file:/C:/Users/admin/.m2/repository/com/google/code/findbugs/jsr305/3.0.2/jsr305-3.0.2.jar, file:/C:/Users/admin/.m2/repository/com/google/http-client/google-http-client-jackson2/1.36.0/google-http-client-jackson2-1.36.0.jar, file:/C:/Users/admin/.m2/repository/com/fasterxml/jackson/core/jackson-core/2.10.3/jackson-core-2.10.3.jar, file:/C:/Users/admin/.m2/repository/com/google/guava/guava/29.0-android/guava-29.0-android.jar, file:/C:/Users/admin/.m2/repository/com/google/guava/failureaccess/1.0.1/failureaccess-1.0.1.jar, file:/C:/Users/admin/.m2/repository/com/google/guava/listenablefuture/9999.0-empty-to-avoid-conflict-with-guava/listenablefuture-9999.0-empty-to-avoid-conflict-with-guava.jar, file:/C:/Users/admin/.m2/repository/org/checkerframework/checker-compat-qual/2.5.5/checker-compat-qual-2.5.5.jar, file:/C:/Users/admin/.m2/repository/com/google/errorprone/error_prone_annotations/2.3.4/error_prone_annotations-2.3.4.jar, file:/C:/Users/admin/.m2/repository/com/google/j2objc/j2objc-annotations/1.3/j2objc-annotations-1.3.jar, file:/C:/Users/admin/.m2/repository/org/twitter4j/twitter4j-core/4.0.7/twitter4j-core-4.0.7.jar]" }
                    
{
                    "app": "Crmeb",
                    "timestamp":"2025-09-27 19:18:00.712",
                    "level": "DEBUG",
                    "thread": "main",
                    "class": "o.springframework.boot.SpringApplication",
                    "message": "Loading source class com.zbkj.front.CrmebFrontApplication" }
                    
{
                    "app": "Crmeb",
                    "timestamp":"2025-09-27 19:18:00.740",
                    "level": "DEBUG",
                    "thread": "main",
                    "class": "o.s.b.c.c.ConfigFileApplicationListener",
                    "message": "Loaded config file 'file:/E:/2zynt/StoreProject2kai/CRMEB-JAVA-ET-V1.2(2025.4.25)/et_java/crmeb-front/target/classes/application.yml' (classpath:/application.yml)" }
                    
{
                    "app": "Crmeb",
                    "timestamp":"2025-09-27 19:18:00.741",
                    "level": "DEBUG",
                    "thread": "main",
                    "class": "o.s.b.w.s.c.AnnotationConfigServletWebServerApplicationContext",
                    "message": "Refreshing org.springframework.boot.web.servlet.context.AnnotationConfigServletWebServerApplicationContext@3d6f0054" }
                    
{
                    "app": "Crmeb",
                    "timestamp":"2025-09-27 19:18:02.094",
                    "level": "DEBUG",
                    "thread": "main",
                    "class": "o.s.b.w.e.t.TomcatServletWebServerFactory",
                    "message": "Code archive: C:\Users\admin\.m2\repository\org\springframework\boot\spring-boot\2.2.6.RELEASE\spring-boot-2.2.6.RELEASE.jar" }
                    
{
                    "app": "Crmeb",
                    "timestamp":"2025-09-27 19:18:02.094",
                    "level": "DEBUG",
                    "thread": "main",
                    "class": "o.s.b.w.e.t.TomcatServletWebServerFactory",
                    "message": "Code archive: C:\Users\admin\.m2\repository\org\springframework\boot\spring-boot\2.2.6.RELEASE\spring-boot-2.2.6.RELEASE.jar" }
                    
{
                    "app": "Crmeb",
                    "timestamp":"2025-09-27 19:18:02.094",
                    "level": "DEBUG",
                    "thread": "main",
                    "class": "o.s.b.w.e.t.TomcatServletWebServerFactory",
                    "message": "None of the document roots [src/main/webapp, public, static] point to a directory and will be ignored." }
                    
{
                    "app": "Crmeb",
                    "timestamp":"2025-09-27 19:18:02.296",
                    "level": "DEBUG",
                    "thread": "main",
                    "class": "o.s.web.context.ContextLoader",
                    "message": "Published root WebApplicationContext as ServletContext attribute with name [org.springframework.web.context.WebApplicationContext.ROOT]" }
                    
{
                    "app": "Crmeb",
                    "timestamp":"2025-09-27 19:18:02.543",
                    "level": "DEBUG",
                    "thread": "main",
                    "class": "o.s.b.w.s.ServletContextInitializerBeans",
                    "message": "Mapping filters: filterRegistrationBean urls=[/*] order=-2147483647, springSecurityFilterChain urls=[/*] order=-100, filterRegistrationBean urls=[/*] order=2147483647, filterRegistrationBean urls=[/*] order=2147483647, characterEncodingFilter urls=[/*] order=-2147483648, formContentFilter urls=[/*] order=-9900, requestContextFilter urls=[/*] order=-105, corsFilter urls=[/*] order=2147483647" }
                    
{
                    "app": "Crmeb",
                    "timestamp":"2025-09-27 19:18:02.544",
                    "level": "DEBUG",
                    "thread": "main",
                    "class": "o.s.b.w.s.ServletContextInitializerBeans",
                    "message": "Mapping servlets: statViewServlet urls=[/druid/*], dispatcherServlet urls=[/]" }
                    
{
                    "app": "Crmeb",
                    "timestamp":"2025-09-27 19:18:02.556",
                    "level": "DEBUG",
                    "thread": "main",
                    "class": "o.s.b.a.m.w.servlet.WebMvcMetricsFilter",
                    "message": "Filter 'webMvcMetricsFilter' configured for use" }
                    
{
                    "app": "Crmeb",
                    "timestamp":"2025-09-27 19:18:02.557",
                    "level": "DEBUG",
                    "thread": "main",
                    "class": "o.s.b.w.s.f.OrderedRequestContextFilter",
                    "message": "Filter 'requestContextFilter' configured for use" }
                    
{
                    "app": "Crmeb",
                    "timestamp":"2025-09-27 19:18:02.557",
                    "level": "DEBUG",
                    "thread": "main",
                    "class": "o.springframework.web.filter.CorsFilter",
                    "message": "Filter 'corsFilter' configured for use" }
                    
{
                    "app": "Crmeb",
                    "timestamp":"2025-09-27 19:18:02.558",
                    "level": "DEBUG",
                    "thread": "main",
                    "class": "o.s.b.w.s.f.OrderedCharacterEncodingFilter",
                    "message": "Filter 'characterEncodingFilter' configured for use" }
                    
{
                    "app": "Crmeb",
                    "timestamp":"2025-09-27 19:18:02.558",
                    "level": "DEBUG",
                    "thread": "main",
                    "class": "o.s.b.w.s.DelegatingFilterProxyRegistrationBean$1",
                    "message": "Filter 'springSecurityFilterChain' configured for use" }
                    
{
                    "app": "Crmeb",
                    "timestamp":"2025-09-27 19:18:02.559",
                    "level": "DEBUG",
                    "thread": "main",
                    "class": "o.s.b.w.s.f.OrderedFormContentFilter",
                    "message": "Filter 'formContentFilter' configured for use" }
                    
{
                    "app": "Crmeb",
                    "timestamp":"2025-09-27 19:18:06.141",
                    "level": "DEBUG",
                    "thread": "main",
                    "class": "o.s.w.s.m.m.a.RequestMappingHandlerMapping",
                    "message": "152 mappings in 'requestMappingHandlerMapping'" }
                    
{
                    "app": "Crmeb",
                    "timestamp":"2025-09-27 19:18:06.416",
                    "level": "DEBUG",
                    "thread": "main",
                    "class": "o.s.w.s.m.m.a.RequestMappingHandlerAdapter",
                    "message": "ControllerAdvice beans: 0 @ModelAttribute, 0 @InitBinder, 1 RequestBodyAdvice, 1 ResponseBodyAdvice" }
                    
{
                    "app": "Crmeb",
                    "timestamp":"2025-09-27 19:18:06.448",
                    "level": "DEBUG",
                    "thread": "main",
                    "class": "o.s.w.s.handler.SimpleUrlHandlerMapping",
                    "message": "Patterns [/webjars/**, /**, /doc.html, /crmebimage/**, /uploadf/**] in 'resourceHandlerMapping'" }
                    
{
                    "app": "Crmeb",
                    "timestamp":"2025-09-27 19:18:06.457",
                    "level": "DEBUG",
                    "thread": "main",
                    "class": "o.s.w.s.m.m.a.ExceptionHandlerExceptionResolver",
                    "message": "ControllerAdvice beans: 1 @ExceptionHandler, 1 ResponseBodyAdvice" }
                    
{
                    "app": "Crmeb",
                    "timestamp":"2025-09-27 19:18:14.765",
                    "level": "DEBUG",
                    "thread": "SpringContextShutdownHook",
                    "class": "o.s.b.w.s.c.AnnotationConfigServletWebServerApplicationContext",
                    "message": "Closing org.springframework.boot.web.servlet.context.AnnotationConfigServletWebServerApplicationContext@3d6f0054, started on Sat Sep 27 19:18:00 CST 2025" }
                    
